dwc_eth_qos.c:635:13:eqos_stop_clks_imx	0	static
dwc_eth_qos.c:1893:24:eqos_get_interface_tegra186	0	static
dwc_eth_qos.c:1974:12:eqos_remove_resources_imx	0	static
dwc_eth_qos.c:1103:12:eqos_read_rom_hwaddr	16	static
dwc_eth_qos.c:1059:5:eqos_write_hwaddr	32	static
dwc_eth_qos.c:1575:5:eqos_recv	48	static
dwc_eth_qos.c:1600:5:eqos_free_pkt	64	static
dwc_eth_qos.c:795:12:eqos_disable_calibration_tegra186	16	static
dwc_eth_qos.c:1898:12:eqos_probe_resources_imx	32	static
dwc_eth_qos.c:1479:6:eqos_stop	32	static
dwc_eth_qos.c:1533:5:eqos_send	48	static
dwc_eth_qos.c:755:12:eqos_calibrate_pads_tegra186	48	static
dwc_eth_qos.c:1916:24:eqos_get_interface_imx	16	static
dwc_eth_qos.c:373:13:eqos_flush_buffer_generic	0	static
dwc_eth_qos.c:359:13:eqos_inval_buffer_generic	0	static
dwc_eth_qos.c:351:13:eqos_inval_buffer_tegra186	0	static
dwc_eth_qos.c:1879:24:eqos_get_interface_stm32	16	static
dwc_eth_qos.c:818:14:eqos_get_tick_clk_rate_stm32	16	static
dwc_eth_qos.c:807:14:eqos_get_tick_clk_rate_tegra186	16	static
dwc_eth_qos.c:679:12:eqos_start_resets_stm32	48	static
dwc_eth_qos.c:733:12:eqos_stop_resets_stm32	32	static
dwc_eth_qos.c:1951:12:eqos_remove_resources_stm32	32	static
dwc_eth_qos.c:537:12:eqos_start_clks_stm32	64	static
dwc_eth_qos.c:616:13:eqos_stop_clks_stm32	32	static
dwc_eth_qos.c:599:13:eqos_stop_clks_tegra186	32	static
dwc_eth_qos.c:925:12:eqos_set_tx_clk_speed_tegra186	32	static
dwc_eth_qos.c:474:12:eqos_start_clks_tegra186	64	static
dwc_eth_qos.c:723:12:eqos_stop_resets_tegra186	32	static
dwc_eth_qos.c:640:12:eqos_start_resets_tegra186	48	static
dwc_eth_qos.c:1931:12:eqos_remove_resources_tegra186	32	static
dwc_eth_qos.c:1719:12:eqos_probe_resources_tegra186	96	static
dwc_eth_qos.c:368:13:eqos_flush_buffer_tegra186	0	static
dwc_eth_qos.c:382:12:eqos_mdio_wait_idle.isra.1	48	static
dwc_eth_qos.c:433:12:eqos_mdio_write	64	static
dwc_eth_qos.c:389:12:eqos_mdio_read	48	static
dwc_eth_qos.c:1643:12:eqos_probe_resources_core	32	static
dwc_eth_qos.c:1979:5:eqos_probe	48	static
dwc_eth_qos.c:2051:12:eqos_remove	32	static
dwc_eth_qos.c:858:12:eqos_disable_calibration_imx	0	static
dwc_eth_qos.c:333:13:eqos_flush_desc_tegra186	0	static
dwc_eth_qos.c:959:12:eqos_set_tx_clk_speed_stm32	0	static
dwc_eth_qos.c:594:12:eqos_start_clks_imx	0	static
dwc_eth_qos.c:718:12:eqos_start_resets_imx	0	static
dwc_eth_qos.c:750:12:eqos_stop_resets_imx	0	static
dwc_eth_qos.c:843:12:eqos_calibrate_pads_stm32	0	static
dwc_eth_qos.c:848:12:eqos_calibrate_pads_imx	0	static
dwc_eth_qos.c:853:12:eqos_disable_calibration_stm32	0	static
dwc_eth_qos.c:340:13:eqos_flush_desc_generic	0	static
dwc_eth_qos.c:311:13:eqos_inval_desc_tegra186	0	static
dwc_eth_qos.c:322:13:eqos_inval_desc_generic	0	static
dwc_eth_qos.c:829:12:imx_get_eqos_csr_clk	0	static
dwc_eth_qos.c:838:14:eqos_get_tick_clk_rate_imx	16	static
dwc_eth_qos.c:833:12:imx_eqos_txclk_set_rate	0	static
dwc_eth_qos.c:964:12:eqos_set_tx_clk_speed_imx	32	static
dwc_eth_qos.c:1113:5:eqos_init	64	static
dwc_eth_qos.c:1235:6:eqos_enable	64	static
dwc_eth_qos.c:1466:12:eqos_start	32	static
dwc_eth_qos.c:1792:12:board_interface_eth_init	0	static
dwc_eth_qos.c:1798:12:eqos_probe_resources_stm32	128	static
