rk_ab_ops_user.c:312:13:slot_is_bootable	0	static
rk_ab_ops_user.c:76:13:slot_normalize	0	static
rk_ab_ops_user.c:97:13:save_metadata_if_changed	0	static
rk_ab_ops_user.c:108:6:avb_ab_data_verify_and_byteswap	48	static
rk_ab_ops_user.c:136:6:avb_ab_data_update_crc_and_byteswap	32	static
rk_ab_ops_user.c:143:6:avb_ab_data_init	32	static
rk_ab_ops_user.c:197:13:avb_ab_data_write	64	static
rk_ab_ops_user.c:166:13:avb_ab_data_read	96	static
rk_ab_ops_user.c:221:13:load_metadata	48	static
rk_ab_ops_user.c:242:5:rk_avb_read_slot_count	0	static
rk_ab_ops_user.c:249:5:rk_avb_read_slot_suffixes	32	static
rk_ab_ops_user.c:257:13:avb_ab_mark_slot_active	96	static
rk_ab_ops_user.c:291:5:rk_avb_set_slot_active	32	static
rk_ab_ops_user.c:317:17:rk_avb_ab_slot_select	64	static
rk_ab_ops_user.c:364:13:avb_ab_mark_slot_unbootable	96	static
rk_ab_ops_user.c:388:13:avb_ab_mark_slot_successful	96	static
rk_ab_ops_user.c:419:5:rk_get_lastboot	64	static
rk_ab_ops_user.c:446:5:rk_avb_get_current_slot	32	static
rk_ab_ops_user.c:474:5:rk_avb_append_part_slot	64	static
