rk_avb_ops_user.c:31:5:rk_avb_get_pub_key	32	static
rk_avb_ops_user.c:44:5:rk_avb_get_perm_attr_cer	16	static
rk_avb_ops_user.c:58:5:rk_avb_set_perm_attr_cer	16	static
rk_avb_ops_user.c:70:5:rk_avb_read_permanent_attributes	16	static
rk_avb_ops_user.c:84:5:rk_avb_write_permanent_attributes	16	static
rk_avb_ops_user.c:98:5:rk_avb_read_flash_lock_state	32	static
rk_avb_ops_user.c:130:5:rk_avb_write_flash_lock_state	16	static
rk_avb_ops_user.c:144:5:rk_avb_write_lock_state	16	static
rk_avb_ops_user.c:158:5:rk_avb_read_lock_state	32	static
rk_avb_ops_user.c:188:5:rk_avb_write_perm_attr_flag	16	static
rk_avb_ops_user.c:202:5:rk_avb_read_perm_attr_flag	32	static
rk_avb_ops_user.c:233:5:rk_avb_read_vbootkey_hash	16	static
rk_avb_ops_user.c:248:5:rk_avb_write_vbootkey_hash	16	static
rk_avb_ops_user.c:263:5:rk_avb_close_optee_client	16	static
rk_avb_ops_user.c:277:5:rk_avb_read_attribute_hash	16	static
rk_avb_ops_user.c:292:5:rk_avb_write_attribute_hash	16	static
rk_avb_ops_user.c:307:5:rk_avb_read_all_rollback_index	96	static
rk_avb_ops_user.c:370:5:rk_avb_read_bootloader_locked_flag	16	static
rk_avb_ops_user.c:382:5:rk_bootloader_rollback_index_read	320	static
rk_avb_ops_user.c:428:5:rk_avb_get_bootloader_min_version	80	static
rk_avb_ops_user.c:461:6:rk_avb_get_at_vboot_state	128	static
rk_avb_ops_user.c:532:5:rk_avb_get_ab_info	32	static
rk_avb_ops_user.c:555:5:rk_avb_get_part_has_slot_info	208	static
rk_avb_ops_user.c:595:5:rk_auth_unlock	48	static
rk_avb_ops_user.c:618:5:rk_generate_unlock_challenge	48	static
rk_avb_ops_user.c:639:5:rk_avb_init_ab_metadata	64	static
rk_avb_ops_user.c:670:5:rk_avb_write_perm_attr	1280	static
rk_avb_ops_user.c:791:5:rk_avb_read_perm_attr	0	static
