analogix_dp_reg.c:37:13:analogix_dp_write.isra.0	0	static
analogix_dp_reg.c:44:12:analogix_dp_read.isra.1	0	static
analogix_dp_reg.c:51:6:analogix_dp_enable_video_mute	16	static
analogix_dp_reg.c:66:6:analogix_dp_stop_video	16	static
analogix_dp_reg.c:75:6:analogix_dp_lane_swap	0	static
analogix_dp_reg.c:89:6:analogix_dp_init_analog_param	16	static
analogix_dp_reg.c:124:6:analogix_dp_init_interrupt	16	static
analogix_dp_reg.c:144:6:analogix_dp_reset	32	static
analogix_dp_reg.c:189:6:analogix_dp_swreset	0	static
analogix_dp_reg.c:194:6:analogix_dp_config_interrupt	16	static
analogix_dp_reg.c:215:6:analogix_dp_mute_hpd_interrupt	16	static
analogix_dp_reg.c:229:6:analogix_dp_unmute_hpd_interrupt	16	static
analogix_dp_reg.c:241:17:analogix_dp_get_pll_lock_status	16	static
analogix_dp_reg.c:252:6:analogix_dp_set_pll_power_down	16	static
analogix_dp_reg.c:267:6:analogix_dp_set_analog_power_down	16	static
analogix_dp_reg.c:358:6:analogix_dp_init_analog_func	16	static
analogix_dp_reg.c:381:6:analogix_dp_clear_hotplug_interrupts	16	static
analogix_dp_reg.c:395:6:analogix_dp_init_hpd	16	static
analogix_dp_reg.c:409:6:analogix_dp_force_hpd	16	static
analogix_dp_reg.c:418:18:analogix_dp_get_irq_type	16	static
analogix_dp_reg.c:445:6:analogix_dp_reset_aux	16	static
analogix_dp_reg.c:455:6:analogix_dp_init_aux	16	static
analogix_dp_reg.c:486:5:analogix_dp_detect	16	static
analogix_dp_reg.c:503:6:analogix_dp_enable_sw_function	16	static
analogix_dp_reg.c:512:5:analogix_dp_start_aux_transaction	48	static
analogix_dp_reg.c:557:5:analogix_dp_write_byte_to_dpcd	80	static
analogix_dp_reg.c:599:5:analogix_dp_read_byte_from_dpcd	80	static
analogix_dp_reg.c:641:5:analogix_dp_write_bytes_to_dpcd	112	static
analogix_dp_reg.c:702:5:analogix_dp_read_bytes_from_dpcd	128	static
analogix_dp_reg.c:765:5:analogix_dp_select_i2c_device	16	static
analogix_dp_reg.c:798:5:analogix_dp_read_byte_from_i2c	64	static
analogix_dp_reg.c:840:5:analogix_dp_read_bytes_from_i2c	96	static
analogix_dp_reg.c:909:6:analogix_dp_ssc_supported	0	static
analogix_dp_reg.c:915:6:analogix_dp_set_link_bandwidth	144	static
analogix_dp_reg.c:948:6:analogix_dp_get_link_bandwidth	16	static
analogix_dp_reg.c:956:6:analogix_dp_set_lane_count	128	static
analogix_dp_reg.c:977:6:analogix_dp_get_lane_count	16	static
analogix_dp_reg.c:985:6:analogix_dp_set_lane_link_training	128	static
analogix_dp_reg.c:1019:5:analogix_dp_get_lane_link_training	0	static
analogix_dp_reg.c:1025:6:analogix_dp_enable_enhanced_mode	16	static
analogix_dp_reg.c:1041:6:analogix_dp_set_training_pattern	0	static
analogix_dp_reg.c:1074:6:analogix_dp_reset_macro	32	static
analogix_dp_reg.c:1089:6:analogix_dp_init_video	16	static
analogix_dp_reg.c:1109:6:analogix_dp_set_video_color_format	16	static
analogix_dp_reg.c:1129:5:analogix_dp_is_slave_video_stream_clock_on	16	static
analogix_dp_reg.c:1152:6:analogix_dp_set_video_cr_mn	16	static
analogix_dp_reg.c:1186:6:analogix_dp_set_video_timing_mode	16	static
analogix_dp_reg.c:1201:6:analogix_dp_enable_video_master	16	static
analogix_dp_reg.c:1218:6:analogix_dp_start_video	16	static
analogix_dp_reg.c:1227:5:analogix_dp_is_video_stream_on	16	static
analogix_dp_reg.c:1241:6:analogix_dp_config_video_slave_mode	16	static
analogix_dp_reg.c:1269:6:analogix_dp_enable_scrambling	16	static
analogix_dp_reg.c:1278:6:analogix_dp_disable_scrambling	16	static
