dw_hdmi.c:207:13:dw_hdmi_writel	0	static
dw_hdmi.c:212:11:dw_hdmi_readl	0	static
dw_hdmi.c:217:13:dw_hdmi_writeb	0	static
dw_hdmi.c:222:11:dw_hdmi_readb	0	static
dw_hdmi.c:237:13:hdmi_modb	48	static
dw_hdmi.c:251:13:hdmi_bus_fmt_is_rgb	0	static
dw_hdmi.c:265:13:hdmi_bus_fmt_is_yuv444	0	static
dw_hdmi.c:279:13:hdmi_bus_fmt_is_yuv422	0	static
dw_hdmi.c:292:13:hdmi_bus_fmt_is_yuv420	0	static
dw_hdmi.c:306:12:hdmi_bus_fmt_color_depth	0	static
dw_hdmi.c:937:1:dw_hdmi_phy_read_hpd	16	static
dw_hdmi.c:1709:13:hdmi_set_cts_n	48	static
dw_hdmi.c:507:12:dw_hdmi_i2c_xfer	112	static
dw_hdmi.c:854:13:rockchip_dw_hdmi_scdc_set_tmds_rate	48	static
dw_hdmi.c:337:12:is_color_space_conversion	32	static
dw_hdmi.c:1842:6:hdmi_set_clk_regenerator	64	static
dw_hdmi.c:580:13:dw_hdmi_phy_i2c_write	48	static
dw_hdmi.c:719:5:hdmi_phy_configure_dwc_hdmi_3d_tx	64	static
dw_hdmi.c:643:13:dw_hdmi_phy_power_off	32	static
dw_hdmi.c:930:13:dw_hdmi_phy_disable	0	static
dw_hdmi.c:913:12:dw_hdmi_phy_init	64	static
dw_hdmi.c:1881:6:dw_hdmi_set_sample_rate	0	static
dw_hdmi.c:2129:5:dw_hdmi_detect_hotplug	0	static
dw_hdmi.c:2253:6:dw_hdmi_audio_enable	0	static
dw_hdmi.c:2259:6:dw_hdmi_audio_disable	0	static
dw_hdmi.c:2265:5:rockchip_dw_hdmi_pre_init	0	static
dw_hdmi.c:2274:5:rockchip_dw_hdmi_init	64	static
dw_hdmi.c:2372:6:rockchip_dw_hdmi_deinit	32	static
dw_hdmi.c:2385:5:rockchip_dw_hdmi_prepare	0	static
dw_hdmi.c:2390:5:rockchip_dw_hdmi_enable	208	static
dw_hdmi.c:2407:5:rockchip_dw_hdmi_disable	32	static
dw_hdmi.c:2416:5:rockchip_dw_hdmi_get_timing	96	static
dw_hdmi.c:2510:5:rockchip_dw_hdmi_detect	0	static
dw_hdmi.c:2524:5:rockchip_dw_hdmi_get_edid	0	static
dw_hdmi.c:2535:5:inno_dw_hdmi_phy_init	32	static
dw_hdmi.c:2560:6:inno_dw_hdmi_phy_disable	0	static
dw_hdmi.c:2565:1:inno_dw_hdmi_phy_read_hpd	32	static
dw_hdmi.c:2582:6:inno_dw_hdmi_mode_valid	80	static
