dw_mipi_dsi.c:274:13:grf_field_write	0	static
dw_mipi_dsi.c:932:13:dw_mipi_dsi_post_disable	32	static
dw_mipi_dsi.c:1087:12:dw_mipi_dsi_connector_pre_init	0	static
dw_mipi_dsi.c:1707:12:dw_mipi_dsi_child_pre_probe	32	static
dw_mipi_dsi.c:1682:12:dw_mipi_dsi_child_post_bind	80	static
dw_mipi_dsi.c:1651:12:dw_mipi_dsi_host_attach	32	static
dw_mipi_dsi.c:1299:13:dw_mipi_dsi_connector_unprepare	16	static
dw_mipi_dsi.c:1317:12:dw_mipi_dsi_connector_disable	16	static
dw_mipi_dsi.c:1307:12:dw_mipi_dsi_connector_enable	16	static
dw_mipi_dsi.c:1336:12:dw_mipi_dsi_probe	48	static
dw_mipi_dsi.c:1672:12:dw_mipi_dsi_bind	32	static
dw_mipi_dsi.c:1096:12:dw_mipi_dsi_connector_init	64	static
dw_mipi_dsi.c:452:13:testif_write	48	static
dw_mipi_dsi.c:499:13:dw_mipi_dsi_phy_init	672	static
dw_mipi_dsi.c:717:16:dw_mipi_dsi_transfer	112	static
dw_mipi_dsi.c:1643:16:dw_mipi_dsi_host_transfer	32	static
dw_mipi_dsi.c:1248:13:dw_mipi_dsi_pre_enable	112	static
dw_mipi_dsi.c:1267:12:dw_mipi_dsi_connector_prepare	48	static
