le_byteshift.h:11:19:__get_unaligned_le32	0	static
rockchip_display.c:1915:5:rockchip_display_bind	16	static
rockchip_display.c:1333:31:rockchip_of_find_panel	96	static
rockchip_display.c:79:6:rockchip_display_make_crc32_table	0	static
rockchip_display.c:100:10:rockchip_display_crc32c_cal	0	static
rockchip_display.c:114:5:rockchip_get_baseparameter	1048832	dynamic,bounded
rockchip_display.c:1588:12:rockchip_display_probe	176	static
rockchip_display.c:149:25:rockchip_get_disp_info	48	static
rockchip_display.c:263:7:get_display_buffer	16	static
rockchip_display.c:301:15:get_cubic_lut_buffer	0	static
rockchip_display.c:312:6:can_direct_logo	0	static
rockchip_display.c:385:5:drm_mode_vrefresh	0	static
rockchip_display.c:492:6:drm_mode_max_resolution_filter	0	static
rockchip_display.c:519:6:drm_mode_set_crtcinfo	0	static
rockchip_display.c:991:12:display_logo	224	static
rockchip_display.c:596:6:drm_mode_is_420_only	32	static
rockchip_display.c:615:6:drm_mode_is_420_also	32	static
rockchip_display.c:634:6:drm_mode_is_420	32	static
rockchip_display.c:865:5:display_send_mcu_cmd	0	static
rockchip_display.c:1109:29:find_or_alloc_logo_cache	48	static
rockchip_display.c:1170:12:load_bmp_logo	80	static
rockchip_display.c:1273:6:rockchip_show_fbbase	48	static
rockchip_display.c:1289:5:rockchip_show_bmp	64	static
rockchip_display.c:1948:12:do_rockchip_show_bmp	16	static
rockchip_display.c:1310:5:rockchip_show_logo	48	static
rockchip_display.c:1937:12:do_rockchip_logo_show	16	static
rockchip_display.c:1804:6:rockchip_display_fixup	96	static
