console.c:197:12:console_tstc	64	static
console.c:219:13:console_putc	64	static
console.c:260:13:console_clear	48	static
console.c:26:12:on_console	48	static
console.c:312:5:serial_printf	1344	static
console.c:515:6:putc	0	static
console.c:588:6:puts	32	static
console.c:187:12:console_getc.isra.0	32	static
console.c:435:5:tstc	0	static
console.c:409:5:getc	32	static
console.c:330:5:fgetc	32	static
console.c:362:5:ftstc	0	static
console.c:370:6:fputc	0	static
console.c:376:6:fputs	64	static
console.c:382:6:fclear	0	static
console.c:388:5:fprintf	1328	static
console.c:457:6:flushc	0	static
console.c:649:5:ctrlc	32	static
console.c:670:5:confirm_yesno	48	static
console.c:697:5:disable_ctrlc	0	static
console.c:705:5:had_ctrlc	0	static
console.c:710:6:clear_ctrlc	0	static
console.c:717:19:search_device	32	static
console.c:733:5:console_assign	32	static
console.c:773:5:console_announce_r	272	static
console.c:787:5:console_init_f	0	static
console.c:798:6:stdio_print_current_devices	32	static
console.c:825:5:console_init_r	64	static
