OpteeClientInterface.c:18:10:test_optee	640	static
OpteeClientInterface.c:122:10:b2hs	0	static
OpteeClientInterface.c:139:10:trusty_read_rollback_index	688	static
OpteeClientInterface.c:237:10:trusty_write_rollback_index	688	static
OpteeClientInterface.c:336:10:trusty_read_permanent_attributes	656	static
OpteeClientInterface.c:432:10:trusty_write_permanent_attributes	656	static
OpteeClientInterface.c:530:10:trusty_read_permanent_attributes_cer	656	static
OpteeClientInterface.c:620:10:trusty_write_permanent_attributes_cer	656	static
OpteeClientInterface.c:711:10:trusty_read_lock_state	640	static
OpteeClientInterface.c:807:10:trusty_write_lock_state	656	static
OpteeClientInterface.c:905:10:trusty_read_flash_lock_state	640	static
OpteeClientInterface.c:1002:10:trusty_write_flash_lock_state	656	static
OpteeClientInterface.c:1100:10:trusty_read_attribute_hash	624	static
OpteeClientInterface.c:1162:10:trusty_write_attribute_hash	624	static
OpteeClientInterface.c:1225:10:notify_optee_rpmb_ta	576	static
OpteeClientInterface.c:1272:10:notify_optee_efuse_ta	576	static
OpteeClientInterface.c:1320:10:trusty_notify_optee_uboot_end	32	static
OpteeClientInterface.c:1328:10:trusty_read_vbootkey_hash	624	static
OpteeClientInterface.c:1389:10:trusty_write_vbootkey_hash	624	static
OpteeClientInterface.c:1452:10:trusty_read_vbootkey_enable_flag	608	static
OpteeClientInterface.c:1523:10:trusty_read_permanent_attributes_flag	640	static
OpteeClientInterface.c:1618:10:trusty_write_permanent_attributes_flag	656	static
OpteeClientInterface.c:1715:10:trusty_attest_dh	624	static
OpteeClientInterface.c:1801:10:trusty_attest_uuid	624	static
OpteeClientInterface.c:1887:10:trusty_attest_get_ca	672	static
OpteeClientInterface.c:1993:10:trusty_attest_set_ca	624	static
