pinctrl-rockchip.c:825:13:rockchip_get_recalced_mux	0	static
pinctrl-rockchip.c:1766:13:px30_calc_pull_reg_and_bit	0	static
pinctrl-rockchip.c:1796:13:px30_calc_drv_reg_and_bit	0	static
pinctrl-rockchip.c:1826:12:px30_calc_schmitt_reg_and_bit	0	static
pinctrl-rockchip.c:1856:13:rv1108_calc_pull_reg_and_bit	0	static
pinctrl-rockchip.c:1885:13:rv1108_calc_drv_reg_and_bit	0	static
pinctrl-rockchip.c:1915:12:rv1108_calc_schmitt_reg_and_bit	0	static
pinctrl-rockchip.c:1946:13:rv1126_calc_pull_reg_and_bit	0	static
pinctrl-rockchip.c:1981:13:rv1126_calc_drv_reg_and_bit	0	static
pinctrl-rockchip.c:2017:12:rv1126_calc_schmitt_reg_and_bit	0	static
pinctrl-rockchip.c:2054:13:rk1808_calc_pull_reg_and_bit	0	static
pinctrl-rockchip.c:2080:13:rk1808_calc_drv_reg_and_bit	0	static
pinctrl-rockchip.c:2105:12:rk1808_calc_schmitt_reg_and_bit	0	static
pinctrl-rockchip.c:2146:13:rk3128_calc_pull_reg_and_bit	0	static
pinctrl-rockchip.c:2130:13:rk2928_calc_pull_reg_and_bit	0	static
pinctrl-rockchip.c:2166:13:rk3188_calc_pull_reg_and_bit	0	static
pinctrl-rockchip.c:2200:13:rk3288_calc_pull_reg_and_bit	0	static
pinctrl-rockchip.c:2234:13:rk3288_calc_drv_reg_and_bit	0	static
pinctrl-rockchip.c:2281:13:rk3228_calc_drv_reg_and_bit	0	static
pinctrl-rockchip.c:2298:13:rk3308_calc_pull_reg_and_bit	0	static
pinctrl-rockchip.c:2315:13:rk3308_calc_drv_reg_and_bit	0	static
pinctrl-rockchip.c:2264:13:rk3228_calc_pull_reg_and_bit	0	static
pinctrl-rockchip.c:2334:12:rk3308_calc_schmitt_reg_and_bit	0	static
pinctrl-rockchip.c:2354:13:rk3368_calc_pull_reg_and_bit	0	static
pinctrl-rockchip.c:2385:13:rk3368_calc_drv_reg_and_bit	0	static
pinctrl-rockchip.c:2417:13:rk3399_calc_pull_reg_and_bit	0	static
pinctrl-rockchip.c:2447:13:rk3399_calc_drv_reg_and_bit	0	static
pinctrl-rockchip.c:2671:12:rk3328_calc_schmitt_reg_and_bit	0	static
pinctrl-rockchip.c:2717:12:px30_calc_slew_rate_reg_and_bit	0	static
pinctrl-rockchip.c:2980:12:rockchip_pinctrl_get_pins_count	16	static
pinctrl-rockchip.c:1636:12:rockchip_pinctrl_get_gpio_mux	48	static
pinctrl-rockchip.c:2592:12:rockchip_set_pull	80	static
pinctrl-rockchip.c:3161:12:rockchip_pinctrl_probe	112	static
pinctrl-rockchip.c:2890:12:rockchip_pinctrl_set_state	640	static
